[te.dynamiclayers.net/softgen/index.html]
[backblue.gif]
[fade.gif]
[index.html]
[te.dynamiclayers.net/softgen/assets/img/favicon.png]
[te.dynamiclayers.net/softgen/assets/css/bootstrap.min.css]
[te.dynamiclayers.net/softgen/assets/css/animate.min.css]
[te.dynamiclayers.net/softgen/assets/css/keyframe-animation.css]
[te.dynamiclayers.net/softgen/assets/css/line-awesome.min.css]
[te.dynamiclayers.net/softgen/assets/css/odometer.min.css]
[te.dynamiclayers.net/softgen/assets/css/swiper.min.css]
[te.dynamiclayers.net/softgen/assets/css/venobox.min.css]
[te.dynamiclayers.net/softgen/assets/css/animated-text.min.css]
[te.dynamiclayers.net/softgen/assets/css/common-style.css]
[te.dynamiclayers.net/softgen/assets/css/main.css]
[te.dynamiclayers.net/softgen/assets/img/logo-dark.png]
[te.dynamiclayers.net/softgen/index-2.html]
[te.dynamiclayers.net/softgen/index-3.html]
[te.dynamiclayers.net/softgen/index-4.html]
[te.dynamiclayers.net/softgen/about.html]
[te.dynamiclayers.net/softgen/services.html]
[te.dynamiclayers.net/softgen/service-details.html]
[te.dynamiclayers.net/softgen/team.html]
[te.dynamiclayers.net/softgen/team-details.html]
[te.dynamiclayers.net/softgen/pricing.html]
[te.dynamiclayers.net/softgen/testimonial.html]
[te.dynamiclayers.net/softgen/faqs.html]
[te.dynamiclayers.net/softgen/404.html]
[te.dynamiclayers.net/softgen/projects.html]
[te.dynamiclayers.net/softgen/project-details.html]
[te.dynamiclayers.net/softgen/blog-grid.html]
[te.dynamiclayers.net/softgen/blog-classic.html]
[te.dynamiclayers.net/softgen/blog-details.html]
[te.dynamiclayers.net/softgen/contact.html]
[te.dynamiclayers.net/softgen/assets/img/waving-hand.svg]
[te.dynamiclayers.net/softgen/assets/img/illustration01.png]
[te.dynamiclayers.net/softgen/assets/img/client-img-1.png]
[te.dynamiclayers.net/softgen/assets/img/client-img-2.png]
[te.dynamiclayers.net/softgen/assets/img/client-img-3.png]
[te.dynamiclayers.net/softgen/assets/img/client-img-4.png]
[te.dynamiclayers.net/softgen/assets/img/client-img-5.png]
[te.dynamiclayers.net/softgen/assets/img/client-img-6.png]
[te.dynamiclayers.net/softgen/assets/img/icons/icon01.png]
[te.dynamiclayers.net/softgen/assets/img/icons/icon10.png]
[te.dynamiclayers.net/softgen/assets/img/icons/icon05.png]
[te.dynamiclayers.net/softgen/assets/img/icons/icon18.png]
[te.dynamiclayers.net/softgen/assets/img/element-1.png]
[te.dynamiclayers.net/softgen/assets/img/element-2.png]
[te.dynamiclayers.net/softgen/assets/img/uikit01.png]
[te.dynamiclayers.net/softgen/assets/img/uikit02.png]
[te.dynamiclayers.net/softgen/assets/img/chat-illustration.png]
[te.dynamiclayers.net/softgen/assets/img/project-1.jpg]
[te.dynamiclayers.net/softgen/assets/img/project-2.jpg]
[te.dynamiclayers.net/softgen/assets/img/project-3.jpg]
[te.dynamiclayers.net/softgen/assets/img/project-4.jpg]
[te.dynamiclayers.net/softgen/assets/img/element-3.png]
[te.dynamiclayers.net/softgen/assets/img/element-4.png]
[te.dynamiclayers.net/softgen/assets/img/illustration02.png]
[te.dynamiclayers.net/softgen/assets/img/music01.png]
[te.dynamiclayers.net/softgen/assets/img/music02.png]
[te.dynamiclayers.net/softgen/assets/img/music03.png]
[te.dynamiclayers.net/softgen/assets/img/uikit06.png]
[te.dynamiclayers.net/softgen/assets/img/illustration03.png]
[te.dynamiclayers.net/softgen/assets/img/uikit07.png]
[te.dynamiclayers.net/softgen/assets/img/icons/icon03.png]
[te.dynamiclayers.net/softgen/assets/img/icons/icon15.png]
[te.dynamiclayers.net/softgen/assets/img/person01.jpg]
[te.dynamiclayers.net/softgen/assets/img/person02.jpg]
[te.dynamiclayers.net/softgen/assets/img/person03.jpg]
[te.dynamiclayers.net/softgen/assets/img/person04.jpg]
[te.dynamiclayers.net/softgen/assets/img/person05.jpg]
[te.dynamiclayers.net/softgen/assets/img/person06.jpg]
[te.dynamiclayers.net/softgen/assets/img/person07.jpg]
[te.dynamiclayers.net/softgen/assets/img/person08.jpg]
[te.dynamiclayers.net/softgen/assets/img/person09.jpg]
[te.dynamiclayers.net/softgen/assets/img/person10.jpg]
[te.dynamiclayers.net/softgen/assets/img/person11.jpg]
[te.dynamiclayers.net/softgen/assets/img/person12.jpg]
[te.dynamiclayers.net/softgen/assets/img/element-5.png]
[te.dynamiclayers.net/softgen/assets/img/illustration06.png]
[te.dynamiclayers.net/cdn-cgi/scripts/5c5dd728/cloudflare-static/email-decode.min.js]
[te.dynamiclayers.net/softgen/assets/js/vendor/jquary-3.6.0.min.js]
[te.dynamiclayers.net/softgen/assets/js/vendor/modernizr-2.8.3-respond-1.4.2.min.js]
[te.dynamiclayers.net/softgen/assets/js/vendor/atropos.min.js]
[te.dynamiclayers.net/softgen/assets/js/vendor/bootstrap.min.js]
[te.dynamiclayers.net/softgen/assets/js/vendor/popper.min.js]
[te.dynamiclayers.net/softgen/assets/js/vendor/odometer.min.js]
[te.dynamiclayers.net/softgen/assets/js/vendor/waypoints.min.js]
[te.dynamiclayers.net/softgen/assets/js/vendor/venobox.min.js]
[te.dynamiclayers.net/softgen/assets/js/vendor/swiper.min.js]
[te.dynamiclayers.net/softgen/assets/js/vendor/smooth-scroll.js]
[te.dynamiclayers.net/softgen/assets/js/vendor/wow.min.js]
[te.dynamiclayers.net/softgen/assets/js/vendor/animated-text.min.js]
[te.dynamiclayers.net/softgen/assets/js/vendor/gsap.min.js]
[te.dynamiclayers.net/softgen/assets/js/vendor/scroll-trigger.min.js]
[te.dynamiclayers.net/softgen/assets/js/vendor/parallax-scroll.min.js]
[te.dynamiclayers.net/softgen/assets/js/mailchimp.js]
[te.dynamiclayers.net/softgen/assets/js/main.js]
[te.dynamiclayers.net/softgen/index.html]
[te.dynamiclayers.net/softgen/assets/css/bootstrap.min.css]
[te.dynamiclayers.net/softgen/assets/css/animate.min.css]
[te.dynamiclayers.net/softgen/assets/css/keyframe-animation.css]
[te.dynamiclayers.net/cdn-cgi/challenge-platform/h/b/scripts/jsd/8359bcf47b68/maind41d.js]
[te.dynamiclayers.net/softgen/assets/fonts/la-brands-400.eot]
[te.dynamiclayers.net/softgen/assets/fonts/la-brands-400d41d.eot]
[te.dynamiclayers.net/softgen/assets/fonts/la-brands-400.woff2]
[te.dynamiclayers.net/softgen/assets/fonts/la-brands-400.woff]
[te.dynamiclayers.net/softgen/assets/fonts/la-brands-400.ttf]
[te.dynamiclayers.net/softgen/assets/fonts/la-brands-400.svg]
[te.dynamiclayers.net/softgen/assets/fonts/la-regular-400.eot]
[te.dynamiclayers.net/softgen/assets/fonts/la-regular-400d41d.eot]
[te.dynamiclayers.net/softgen/assets/fonts/la-regular-400.woff2]
[te.dynamiclayers.net/softgen/assets/fonts/la-regular-400.woff]
[te.dynamiclayers.net/softgen/assets/fonts/la-regular-400.ttf]
[te.dynamiclayers.net/softgen/assets/fonts/la-regular-400.svg]
[te.dynamiclayers.net/softgen/assets/fonts/la-solid-900.eot]
[te.dynamiclayers.net/softgen/assets/fonts/la-solid-900.woff2]
[te.dynamiclayers.net/softgen/assets/fonts/la-solid-900d41d.eot]
[te.dynamiclayers.net/softgen/assets/fonts/la-solid-900.woff]
[te.dynamiclayers.net/softgen/assets/fonts/la-solid-900.ttf]
[te.dynamiclayers.net/softgen/assets/css/line-awesome.min.css]
[te.dynamiclayers.net/softgen/assets/css/odometer.min.css]
[te.dynamiclayers.net/softgen/assets/css/swiper.min.css]
[te.dynamiclayers.net/softgen/assets/css/venobox.min.css]
[te.dynamiclayers.net/softgen/assets/css/animated-text.min.css]
[te.dynamiclayers.net/softgen/assets/img/wave-line.png]
[te.dynamiclayers.net/softgen/assets/fonts/la-solid-900.svg]
[te.dynamiclayers.net/softgen/assets/img/geometric-bg01.png]
[te.dynamiclayers.net/softgen/assets/img/hexagon-pattern01.png]
[te.dynamiclayers.net/softgen/assets/img/hexagon-pattern02.png]
[te.dynamiclayers.net/softgen/assets/img/gradiant-bg-2.jpg]
[te.dynamiclayers.net/softgen/assets/css/common-style.css]
[te.dynamiclayers.net/softgen/assets/img/gradiant-bg-1.jpg]
[te.dynamiclayers.net/softgen/assets/img/hero-element01.png]
[te.dynamiclayers.net/softgen/assets/img/hero-element02.png]
[te.dynamiclayers.net/softgen/assets/img/hero-element03.png]
[te.dynamiclayers.net/softgen/assets/img/hero-element04.png]
[te.dynamiclayers.net/softgen/assets/img/hero-element05.png]
[te.dynamiclayers.net/softgen/assets/img/gradiant-bg-3.jpg]
[te.dynamiclayers.net/softgen/assets/img/bg-shape01.svg]
[te.dynamiclayers.net/softgen/assets/img/bg-shape02.svg]
[te.dynamiclayers.net/softgen/assets/img/gradiant-bg-4.jpg]
[te.dynamiclayers.net/softgen/assets/css/main.css]
[te.dynamiclayers.net/softgen/assets/img/paper-plane.svg]
[te.dynamiclayers.net/softgen/assets/img/apple.svg]
[te.dynamiclayers.net/softgen/assets/img/illustration04.png]
[te.dynamiclayers.net/softgen/assets/img/bell-illustration.png]
[te.dynamiclayers.net/softgen/assets/img/bell-notification.png]
[te.dynamiclayers.net/softgen/assets/img/coin01.png]
[te.dynamiclayers.net/softgen/assets/img/coin02.png]
[te.dynamiclayers.net/softgen/assets/img/coin03.png]
[te.dynamiclayers.net/softgen/assets/img/coin04.png]
[te.dynamiclayers.net/softgen/assets/img/coin05.png]
[te.dynamiclayers.net/softgen/assets/img/app-users.png]
[te.dynamiclayers.net/softgen/assets/img/icons/icon13.png]
[te.dynamiclayers.net/softgen/assets/img/tab-img01.png]
[te.dynamiclayers.net/softgen/assets/img/tab-img02.png]
[te.dynamiclayers.net/softgen/assets/img/tab-img03.png]
[te.dynamiclayers.net/softgen/assets/img/uikit09.png]
[te.dynamiclayers.net/softgen/assets/img/appstore.png]
[te.dynamiclayers.net/softgen/assets/img/playstore.png]
[te.dynamiclayers.net/softgen/assets/img/illustration05.png]
[te.dynamiclayers.net/softgen/assets/img/element-6.png]
[te.dynamiclayers.net/softgen/assets/img/element-7.png]
[te.dynamiclayers.net/softgen/assets/img/element-8.png]
[te.dynamiclayers.net/softgen/assets/img/element-9.png]
[te.dynamiclayers.net/softgen/assets/img/element-10.png]
[te.dynamiclayers.net/softgen/assets/img/cloud01.png]
[te.dynamiclayers.net/softgen/assets/img/cloud02.png]
[te.dynamiclayers.net/softgen/assets/img/post-1.jpg]
[te.dynamiclayers.net/softgen/assets/img/post-2.jpg]
[te.dynamiclayers.net/softgen/assets/img/post-3.jpg]
[te.dynamiclayers.net/softgen/index-2.html]
[te.dynamiclayers.net/softgen/assets/img/logo-light.png]
[te.dynamiclayers.net/softgen/assets/img/illustration07.png]
[te.dynamiclayers.net/softgen/assets/img/white-client-img-1.png]
[te.dynamiclayers.net/softgen/assets/img/white-client-img-2.png]
[te.dynamiclayers.net/softgen/assets/img/white-client-img-3.png]
[te.dynamiclayers.net/softgen/assets/img/white-client-img-4.png]
[te.dynamiclayers.net/softgen/assets/img/white-client-img-5.png]
[te.dynamiclayers.net/softgen/assets/img/white-client-img-6.png]
[te.dynamiclayers.net/softgen/assets/img/icons/icon12.png]
[te.dynamiclayers.net/softgen/assets/img/globe.svg]
[te.dynamiclayers.net/softgen/assets/img/team-shape.png]
[te.dynamiclayers.net/softgen/index-3.html]
[te.dynamiclayers.net/softgen/assets/img/tech-men.png]
[te.dynamiclayers.net/softgen/assets/img/illustration08.png]
[te.dynamiclayers.net/softgen/assets/img/illustration09.png]
[te.dynamiclayers.net/softgen/assets/img/illustration10.png]
[te.dynamiclayers.net/softgen/index-4.html]
[te.dynamiclayers.net/softgen/about.html]
[te.dynamiclayers.net/softgen/assets/img/icons/icon06.png]
[te.dynamiclayers.net/softgen/assets/img/icons/icon07.png]
[te.dynamiclayers.net/softgen/assets/img/icons/icon11.png]
[te.dynamiclayers.net/softgen/services.html]
[te.dynamiclayers.net/softgen/assets/img/ads.jpg]
[te.dynamiclayers.net/softgen/service-details.html]
[te.dynamiclayers.net/softgen/team.html]
[te.dynamiclayers.net/softgen/assets/img/team-details.jpg]
[te.dynamiclayers.net/softgen/assets/img/globe-dark.svg]
[te.dynamiclayers.net/softgen/team-details.html]
[te.dynamiclayers.net/softgen/pricing.html]
[te.dynamiclayers.net/softgen/testimonial.html]
[te.dynamiclayers.net/softgen/assets/js/team-contact.js]
[te.dynamiclayers.net/softgen/assets/img/post-thumb-1.jpg]
[te.dynamiclayers.net/softgen/assets/img/post-thumb-2.jpg]
[te.dynamiclayers.net/softgen/assets/img/post-thumb-3.jpg]
[te.dynamiclayers.net/softgen/faqs.html]
[te.dynamiclayers.net/softgen/404.html]
[te.dynamiclayers.net/softgen/assets/img/crying-emoji.svg]
[te.dynamiclayers.net/softgen/assets/img/project-5.jpg]
[te.dynamiclayers.net/softgen/assets/img/project-6.jpg]
[te.dynamiclayers.net/softgen/projects.html]
[te.dynamiclayers.net/softgen/project-details.html]
[te.dynamiclayers.net/softgen/assets/img/post-4.jpg]
[te.dynamiclayers.net/softgen/blog-grid.html]
[te.dynamiclayers.net/softgen/blog-classic.html]
[te.dynamiclayers.net/softgen/assets/img/auhtor.png]
[te.dynamiclayers.net/softgen/assets/img/comment-1.png]
[te.dynamiclayers.net/softgen/assets/img/comment-2.png]
[te.dynamiclayers.net/softgen/assets/img/comment-3.png]
[te.dynamiclayers.net/softgen/blog-details.html]
[te.dynamiclayers.net/softgen/contact.html]
[te.dynamiclayers.net/softgen/assets/img/waving-hand.svg]
[te.dynamiclayers.net/softgen/assets/fonts/la-brands-400.svg]
[te.dynamiclayers.net/softgen/assets/fonts/la-regular-400.svg]
[te.dynamiclayers.net/softgen/assets/js/contact.js]
[te.dynamiclayers.net/softgen/assets/fonts/la-solid-900.svg]
[te.dynamiclayers.net/softgen/assets/img/bg-shape01.svg]
[te.dynamiclayers.net/softgen/assets/img/bg-shape02.svg]
[te.dynamiclayers.net/softgen/assets/img/paper-plane.svg]
[te.dynamiclayers.net/softgen/assets/img/apple.svg]
[te.dynamiclayers.net/softgen/assets/img/globe.svg]
[te.dynamiclayers.net/softgen/assets/img/globe-dark.svg]
[te.dynamiclayers.net/softgen/assets/img/crying-emoji.svg]
